<!DOCTYPE html>
<html lang="en">
<head>
    <meta charset="UTF-8">
    <title>Document</title>
    <link rel="stylesheet" type="text/css" href="./assets/css/reset.css">
    <link rel="stylesheet" type="text/css" href="./assets/css/style.css">
    <link rel="preconnect" href="https://fonts.gstatic.com">
    <link href="https://fonts.googleapis.com/css2?family=Dancing+Script&display=swap" rel="stylesheet">
    <link href="https://fonts.googleapis.com/css2?family=Montserrat&Montserrat:wght@500&display=swap" rel="stylesheet">
</head>
<body>
    <div class="header">
        <span id="golden">Golden</span>       
        <span id="home">HOME</Span>
        <span id="service">SERVICE</span>
        <span id="portfolio">PORTFOLIO</span>
        <span id="about">ABOUT</span>
        <span id="contact">CONTACT</span>
        <span id="welcome">Welcome To Our Studio!</span>
        <span id="nicetomeet">IT’S NICE TO MEET YOU</span>
        <button id="tellmemore"><span>TELL ME MORE</span></button>
    </div>
    <div class="service">
        <span id="services">SERVICES</span>
        <span id="sub-title">Proin iaculis purus consequat sem cure.</span>
        <div id="e-commerce">
            <img src="./assets/img/icon-basket.png">
            <div id="e-commerce-title">E-Commerce</div><br>
            <div class="description">Proin iaculis purus consequat sem cure digni ssim. Donec porttitora entum suscipit aenean rhoncus posuere odio in tincidunt.</div>
        </div>
        <div id="responsive-web">
            <img src="./assets/img/icon-laptop.png">
            <div id="responsive-web-title">Responsive Web</div><br>
            <div class="description">Proin iaculis purus consequat sem cure digni ssim. Donec porttitora entum suscipit aenean rhoncus posuere odio in tincidunt.</div>
        </div>
        <div id="web-security">
            <img src="./assets/img/icon-locked.png">
            <div id="web-security-title">Web Security</div><br>
            <div class="description">Proin iaculis purus consequat sem cure digni ssim. Donec porttitora entum suscipit aenean rhoncus posuere odio in tincidunt.</div>
        </div>
    </div>
    <div class="portfolio">
        <span id="our-portfolio">OUR PORTFOLIO</span>
        <span id="our-portfolio-sub-title">Proin iaculis purus consequat sem cure.</span>
        <div class="grid-1">
            <img src="./assets/img/image.jpg">
            <div class="text-1">Ebony &amp; Ivory</div><br>
            <div class="text-2">Branding</div>
        </div>
        <div class="grid-2">
            <img src="./assets/img/image.jpg">
            <div class="text-1">Smart Stationary</div><br>
            <div class="text-2">Print Design</div>
        </div>
        <div class="grid-3">
            <img src="./assets/img/image.jpg">
            <div class="text-1">Clever Poster</div><br>
            <div class="text-2">Print Design</div>
        </div>
        <div class="grid-4">
            <img src="./assets/img/image.jpg">
            <div class="text-1">Clever Poster</div><br>
            <div class="text-2">Print Design</div>
        </div>
        <div class="grid-5">
            <img src="./assets/img/image.jpg">
            <div class="text-1">Clever Poster</div><br>
            <div class="text-2">Print Design</div>
        </div>
        <div class="grid-6">
            <img src="./assets/img/image.jpg">
            <div class="text-1">Clever Poster</div><br>
            <div class="text-2">Print Design</div>
        </div>
    </div>
    <div class="aboutus">
        <div id="aboutus-title">
            ABOUT US
        </div>
        <div id="aboutus-sub-title">
            Proin iaculis purus consequat sem cure.
        </div>
        <!-- 행 요소 left / right -->
        <div class="description-title">
            July 2010<br>Our Humble Beginnings
        </div>
        <div class="description-sub-title">
            Proin iaculis purus consequat sem cure 
            digni ssim. Donec porttitora entum suscipit 
            aenean rhoncus posuere odio in tincidunt. Proin 
            iaculis purus consequat sem cure digni 
            ssim. Donec porttitora entum suscipit.
        </div>
        <div class="description-circle">
            <div class="circle">
                <img src="./assets/img/image_2.jpg">
            </div>
        </div>
    </div>
    <div class="team"></div>
    <div class="logos"></div>
    <div class="contactus"></div>
    <div class="footer"></div>
</body>
</html>